// Jest Snapshot v1, https://goo.gl/fbAQLP

exports[`<Button /> <Button /> renders correctly 1`] = `
<View
  accessible={true}
  focusable={true}
  onClick={[Function]}
  onResponderGrant={[Function]}
  onResponderMove={[Function]}
  onResponderRelease={[Function]}
  onResponderTerminate={[Function]}
  onResponderTerminationRequest={[Function]}
  onStartShouldSetResponder={[Function]}
  style={
    Object {
      "alignItems": "center",
      "display": "flex",
      "justifyContent": "center",
      "opacity": 1,
    }
  }
  testID="testButton"
>
  <Text
    style={Object {}}
  >
    Test Button
  </Text>
</View>
`;
